Microchip MPLAB XC8 Compiler V2.46

Linker command line:

-W-3 \
  --edf=C:\Program Files\Microchip\xc8\v2.46\pic\dat\20240104201356_en.msgs \
  -cn -h+dist/default/production\LCD.X.production.sym \
  --cmf=dist/default/production\LCD.X.production.cmf -z -Q18F4520 \
  -oC:\Users\glhal\AppData\Local\Temp\xcAsp54.\driver_tmp_3.o \
  --defsym=__MPLAB_BUILD=1 --fixupoverflow=error \
  -Mdist/default/production/LCD.X.production.map \
  --md=C:\Users\glhal\AppData\Local\Temp\xcAsp54.\driver_tmp_0.dat -E1 \
  -ver=XC8 Compiler --acfsm=1493 -ACODE=00h-07FFFh -ACONST=00h-07FFFh \
  -ASMALLCONST=0600h-06FFhx122 -AMEDIUMCONST=0600h-07FFFh -ACOMRAM=01h-07Fh \
  -AABS1=00h-05FFh -ABIGRAM=01h-05FFh -ARAM=080h-0FFh,0100h-01FFhx5 \
  -ABANK0=080h-0FFh -ABANK1=0100h-01FFh -ABANK2=0200h-02FFh \
  -ABANK3=0300h-03FFh -ABANK4=0400h-04FFh -ABANK5=0500h-05FFh \
  -ASFR=0F80h-0FFFh -ABIGSFR=0F80h-0FFFh -ACONFIG=0300000h-030000Dh \
  -AIDLOC=0200000h-0200007h -AEEDATA=0F00000h-0F000FFh -peeprom_data=EEDATA \
  -preset_vec=00h,intcode=8h,intcodelo,powerup,init -pramtop=0600h \
  -psmallconst=SMALLCONST -pmediumconst=MEDIUMCONST -pconst=CONST \
  -AFARRAM=00h-00h \
  -prdata=COMRAM,nvrram=COMRAM,nvbit=COMRAM,rbss=COMRAM,rbit=COMRAM \
  -pfarbss=FARRAM,fardata=FARRAM,nvFARRAM=FARRAM \
  -pintsave_regs=BIGRAM,bigbss=BIGRAM,bigdata=BIGRAM -pbss=RAM \
  -pidata=CODE,irdata=CODE,ibigdata=CODE,ifardata=CODE -prparam=COMRAM \
  C:\Users\glhal\AppData\Local\Temp\xcAsp54.\driver_tmp_9.o \
  dist/default/production\LCD.X.production.o 

Object code version is 3.11

Machine type is 18F4520



                Name                               Link     Load   Length Selector   Space Scale
C:\Users\glhal\AppData\Local\Temp\xcAsp54.\driver_tmp_9.o
                idloc                            200000   200000        8        0       5
                config                           300000   300000        E        0       4
                init                                  E        E        4        4       0
                reset_vec                             0        0        4        0       0
dist/default/production\LCD.X.production.o
                intcode                               8        8        6        4       0
                idloc                            200000   200000        8        0       5
                config                           300000   300000        E        0       4
                temp                                 1B       1B        1        1       1
                smallconst                          600      600       8E      300       0
                text8                               A70      A70      134      347       0
                text7                               CD0      CD0      12C      347       0
                text6                               F9A      F9A       8E      347       0
                intcode_body                        800      800      13C      347       0
                text4                               BA4      BA4      12C      347       0
                text3                               DFC      DFC      110      347       0
                text2                               93C      93C      134      347       0
                text1                               F0C      F0C       8E      347       0
                text0                               68E      68E      172      347       0
                cstackCOMRAM                          1        1       19        1       1
                bitbssCOMRAM                         D0       1A        1        1       1     8
                cinit                              1028     1028       10      347       0

TOTAL           Name                               Link     Load   Length     Space
        CLASS   CODE           
                intcode                               8        8        6         0
                init                                  E        E        4         0
                reset_vec                             0        0        4         0
                text8                               A70      A70      134         0
                text7                               CD0      CD0      12C         0
                text6                               F9A      F9A       8E         0
                intcode_body                        800      800      13C         0
                text4                               BA4      BA4      12C         0
                text3                               DFC      DFC      110         0
                text2                               93C      93C      134         0
                text1                               F0C      F0C       8E         0
                text0                               68E      68E      172         0
                cinit                              1028     1028       10         0

        CLASS   CONST          

        CLASS   SMALLCONST     
                smallconst                          600      600       8E         0

        CLASS   MEDIUMCONST    

        CLASS   COMRAM         
                temp                                 1B       1B        1         1
                cstackCOMRAM                          1        1       19         1
                bitbssCOMRAM                         D0       1A        1         1

        CLASS   ABS1           

        CLASS   BIGRAM         

        CLASS   RAM            

        CLASS   BANK0          

        CLASS   BANK1          

        CLASS   BANK2          

        CLASS   BANK3          

        CLASS   BANK4          

        CLASS   BANK5          

        CLASS   SFR            

        CLASS   BIGSFR         

        CLASS   CONFIG         
                config                           300000   300000        E         4

        CLASS   IDLOC          
                idloc                            200000   200000        8         5

        CLASS   EEDATA         

        CLASS   FARRAM         

        CLASS   HEAP           

        CLASS   STACK          



SEGMENTS        Name                           Load    Length   Top    Selector   Space  Class

                reset_vec                      000000  000004  000004         0       0  CODE    
                cstackCOMRAM                   000001  00001B  00001C         1       1  COMRAM  
                intcode                        000008  00000A  000012         4       0  CODE    
                smallconst                     000600  00008E  00068E       300       0  SMALLCON
                text0                          00068E  0009AA  001038       347       0  CODE    


UNUSED ADDRESS RANGES

        Name                Unused          Largest block    Delta
        BANK0            000080-0000FF               80
        BANK1            000100-0001FF              100
        BANK2            000200-0002FF              100
        BANK3            000300-0003FF              100
        BANK4            000400-0004FF              100
        BANK5            000500-0005FF              100
        BIGRAM           00001C-0005FF              5E4
        BIGSFR           000F80-000FFF               80
        CODE             000004-000007                4
                         000012-0005FF              5EE
                         001038-007FFF             6FC8
        COMRAM           00001C-00007F               64
        CONST            000004-000007                4
                         000012-0005FF              5EE
                         001038-007FFF             6FC8
        EEDATA           F00000-F000FF              100
        MEDIUMCONST      001038-007FFF             6FC8
        RAM              000080-0005FF              100
        SFR              000F80-000FFF               80
        SMALLCONST       001038-007FFF              100

                                  Symbol Table

Lcd_Chr_CP@data          cstackCOMRAM 00000F
Lcd_Cmd@data             cstackCOMRAM 00000F
Lcd_Init@data            cstackCOMRAM 000011
Lcd_Out@buffer           cstackCOMRAM 000011
Lcd_Out@data             cstackCOMRAM 000013
Lcd_Out@x                cstackCOMRAM 000010
Lcd_Out@y                cstackCOMRAM 000012
_ADCON0                  (abs)        000FC2
_ADCON1                  (abs)        000FC1
_INTCON2bits             (abs)        000FF1
_INTCON3bits             (abs)        000FF0
_INTCONbits              (abs)        000FF2
_LATB                    (abs)        000F8A
_LATC                    (abs)        000F8B
_LATCbits                (abs)        000F8B
_LATD                    (abs)        000F8C
_LATE                    (abs)        000F8D
_Lcd_Chr_CP              text2        00093C
_Lcd_Cmd                 text4        000BA4
_Lcd_Init                text3        000DFC
_Lcd_Out                 text1        000F0C
_PORTB                   (abs)        000F81
_PORTBbits               (abs)        000F81
_PORTC                   (abs)        000F82
_PORTD                   (abs)        000F83
_PORTDbits               (abs)        000F83
_PORTE                   (abs)        000F84
_PORTEbits               (abs)        000F84
_TRISB                   (abs)        000F93
_TRISC                   (abs)        000F94
_TRISD                   (abs)        000F95
_TRISDbits               (abs)        000F95
_TRISE                   (abs)        000F96
_TRISEbits               (abs)        000F96
__HRAM                   (abs)        000000
__H__absolute__          __absolute__ 000000
__Habs1                  abs1         000000
__Hbank0                 bank0        000000
__Hbank1                 bank1        000000
__Hbank2                 bank2        000000
__Hbank3                 bank3        000000
__Hbank4                 bank4        000000
__Hbank5                 bank5        000000
__Hbigbss                bigbss       000000
__Hbigdata               bigdata      000000
__Hbigram                bigram       000000
__Hbigsfr                bigsfr       000000
__HbitbssCOMRAM          bitbssCOMRAM 000000
__Hbss                   bss          000000
__Hcinit                 cinit        000000
__Hclrtext               clrtext      000000
__Hcomram                comram       000000
__Hconfig                config       30000E
__Hconst                 const        000000
__HcstackCOMRAM          cstackCOMRAM 000000
__Hdata                  data         000000
__Heeprom_data           eeprom_data  000000
__Hfarbss                farbss       000000
__Hfardata               fardata      000000
__Hheap                  heap         000000
__Hibigdata              ibigdata     000000
__Hidata                 idata        000000
__Hidloc                 idloc        200008
__Hifardata              ifardata     000000
__Hinit                  init         000012
__Hintcode               intcode      00000E
__Hintcode_body          intcode_body 000000
__Hintcodelo             intcodelo    00000E
__Hintentry              intentry     000000
__Hintret                intret       000000
__Hintsave_regs          intsave_regs 000000
__Hirdata                irdata       000000
__Hmediumconst           mediumconst  000000
__HnvFARRAM              nvFARRAM     000000
__Hnvbit                 nvbit        000000
__Hnvrram                nvrram       000000
__Hparam                 rparam       000000
__Hpowerup               powerup      00000E
__Hram                   ram          000000
__Hramtop                ramtop       000600
__Hrbit                  rbit         000000
__Hrbss                  rbss         000000
__Hrdata                 rdata        000000
__Hreset_vec             reset_vec    000004
__Hrparam                rparam       000000
__Hsfr                   sfr          000000
__Hsivt_hi               sivt_hi      000000
__Hsivt_lo               sivt_lo      000000
__Hsmallconst            smallconst   00068E
__Hspace_0               (abs)        001038
__Hspace_1               (abs)        0000D1
__Hspace_2               (abs)        000000
__Hspace_4               (abs)        60000E
__Hstack                 stack        000000
__Hstruct                struct       000000
__Htemp                  temp         00001C
__Htext                  text         000000
__Htext0                 text0        000000
__Htext1                 text1        000000
__Htext2                 text2        000000
__Htext3                 text3        000000
__Htext4                 text4        000000
__Htext6                 text6        000000
__Htext7                 text7        000000
__Htext8                 text8        000000
__LRAM                   (abs)        000001
__L__absolute__          __absolute__ 000000
__Labs1                  abs1         000000
__Lbank0                 bank0        000000
__Lbank1                 bank1        000000
__Lbank2                 bank2        000000
__Lbank3                 bank3        000000
__Lbank4                 bank4        000000
__Lbank5                 bank5        000000
__Lbigbss                bigbss       000000
__Lbigdata               bigdata      000000
__Lbigram                bigram       000000
__Lbigsfr                bigsfr       000000
__LbitbssCOMRAM          bitbssCOMRAM 000000
__Lbss                   bss          000000
__Lcinit                 cinit        000000
__Lclrtext               clrtext      000000
__Lcomram                comram       000000
__Lconfig                config       000000
__Lconst                 const        000000
__LcstackCOMRAM          cstackCOMRAM 000000
__Ldata                  data         000000
__Leeprom_data           eeprom_data  000000
__Lfarbss                farbss       000000
__Lfardata               fardata      000000
__Lheap                  heap         000000
__Libigdata              ibigdata     000000
__Lidata                 idata        000000
__Lidloc                 idloc        000000
__Lifardata              ifardata     000000
__Linit                  init         00000E
__Lintcode               intcode      000008
__Lintcode_body          intcode_body 000000
__Lintcodelo             intcodelo    00000E
__Lintentry              intentry     000000
__Lintret                intret       000000
__Lintsave_regs          intsave_regs 000000
__Lirdata                irdata       000000
__Lmediumconst           mediumconst  000000
__LnvFARRAM              nvFARRAM     000000
__Lnvbit                 nvbit        000000
__Lnvrram                nvrram       000000
__Lparam                 rparam       000000
__Lpowerup               powerup      00000E
__Lram                   ram          000000
__Lramtop                ramtop       000600
__Lrbit                  rbit         000000
__Lrbss                  rbss         000000
__Lrdata                 rdata        000000
__Lreset_vec             reset_vec    000000
__Lrparam                rparam       000000
__Lsfr                   sfr          000000
__Lsivt_hi               sivt_hi      000000
__Lsivt_lo               sivt_lo      000000
__Lsmallconst            smallconst   000600
__Lspace_0               (abs)        000000
__Lspace_1               (abs)        000000
__Lspace_2               (abs)        000000
__Lspace_4               (abs)        000000
__Lstack                 stack        000000
__Lstruct                struct       000000
__Ltemp                  temp         00001B
__Ltext                  text         000000
__Ltext0                 text0        000000
__Ltext1                 text1        000000
__Ltext2                 text2        000000
__Ltext3                 text3        000000
__Ltext4                 text4        000000
__Ltext6                 text6        000000
__Ltext7                 text7        000000
__Ltext8                 text8        000000
__S0                     (abs)        001038
__S1                     (abs)        00001C
__S4                     (abs)        000000
__S5                     (abs)        000000
___heap_hi               (abs)        000000
___heap_lo               (abs)        000000
___inthi_sp              stack        000000
___inthi_stack_hi        stack        000000
___inthi_stack_lo        stack        000000
___intlo_sp              stack        000000
___intlo_stack_hi        stack        000000
___intlo_stack_lo        stack        000000
___param_bank            (abs)        000000
___rparam_used           (abs)        000001
___sp                    stack        000000
___stack_hi              stack        000000
___stack_lo              stack        000000
__accesstop              (abs)        000080
__activetblptr           (abs)        000002
__end_of_Lcd_Chr_CP      text2        000A70
__end_of_Lcd_Cmd         text4        000CD0
__end_of_Lcd_Init        text3        000F0C
__end_of_Lcd_Out         text1        000F9A
__end_of__initialization cinit        00102A
__end_of_isr             intcode_body 00093C
__end_of_main            text0        000800
__end_ofi2_Lcd_Chr_CP    text8        000BA4
__end_ofi2_Lcd_Cmd       text7        000DFC
__end_ofi2_Lcd_Out       text6        001028
__initialization         cinit        001028
__mediumconst            mediumconst  000000
__pbitbssCOMRAM          bitbssCOMRAM 0000D0
__pcinit                 cinit        001028
__pcstackCOMRAM          cstackCOMRAM 000001
__pintcode               intcode      000008
__pintcode_body          intcode_body 000800
__psmallconst            smallconst   000600
__ptext0                 text0        00068E
__ptext1                 text1        000F0C
__ptext2                 text2        00093C
__ptext3                 text3        000DFC
__ptext4                 text4        000BA4
__ptext6                 text6        000F9A
__ptext7                 text7        000CD0
__ptext8                 text8        000A70
__ramtop                 ramtop       000600
__smallconst             smallconst   000600
_isr                     intcode      000008
_main                    text0        00068E
_modo                    bitbssCOMRAM 0000D0
btemp                    temp         00001B
end_of_initialization    cinit        00102A
i2Lcd_Chr_CP@data        cstackCOMRAM 000003
i2Lcd_Cmd@data           cstackCOMRAM 000003
i2Lcd_Out@buffer         cstackCOMRAM 000005
i2Lcd_Out@data           cstackCOMRAM 000007
i2Lcd_Out@x              cstackCOMRAM 000004
i2Lcd_Out@y              cstackCOMRAM 000006
i2_Lcd_Chr_CP            text8        000A70
i2_Lcd_Cmd               text7        000CD0
i2_Lcd_Out               text6        000F9A
int$flags                temp         00001B
int_func                 intcode_body 000800
intlevel0                text         000000
intlevel1                text         000000
intlevel2                text         000000
intlevel3                text         000000
isa$std                  (abs)        000001
isa$xinst                (abs)        000000
main@i                   cstackCOMRAM 000016
main@i_613               cstackCOMRAM 000018
stackhi                  (abs)        000000
stacklo                  (abs)        000000
start                    init         00000E
start_initialization     cinit        001028
ttemp5                   temp         00001C
ttemp6                   temp         00001F
ttemp7                   temp         000023
wtemp8                   temp         00001C


MODULE INFORMATION

Module		Function		Class		Link	Load	Size
flexlcd.h
		_Lcd_Init      		CODE           	0DFC	0000	272
		_Lcd_Out       		CODE           	0F0C	0000	142
		_Lcd_Chr_CP    		CODE           	093C	0000	308
		_Lcd_Cmd       		CODE           	0BA4	0000	300

flexlcd.h estimated size: 1022

shared
		i2_Lcd_Cmd     		CODE           	0CD0	0000	300
		__initialization		CODE           	1028	0000	2
		i2_Lcd_Chr_CP  		CODE           	0A70	0000	308
		i2_Lcd_Out     		CODE           	0F9A	0000	142

shared estimated size: 752

main.c
		_main          		CODE           	068E	0000	370
		_isr           		CODE           	0008	0000	322

main.c estimated size: 692

